pytest -q
...................................................XXXXXXX               [100%]
51 passed, 7 xpassed in 4.55s
